2021-11-02 00:35:27.421602; sell RVN
